// Jest Snapshot v1, https://goo.gl/fbAQLP

exports[`Header Should match with snapshot: default 1`] = `
<div>
  <div
    class="header"
  >
    Minhas Tarefas
  </div>
</div>
`;
