// Jest Snapshot v1, https://goo.gl/fbAQLP

exports[`Input Should match with snapshot: default 1`] = `
<div>
  <input
    class="input"
  />
</div>
`;
